<html>
<body>
<pre>
<h1>µVision Build Log</h1>
<h2>Tool Versions:</h2>
IDE-Version: µVision V5.26.2.0
Copyright (C) 2018 ARM Ltd and ARM Germany GmbH. All rights reserved.
License Information: Jorge Lisa, Unizar, LIC=----
 
Tool Versions:
Toolchain:       MDK-Lite  Version: 5.26.2.0
Toolchain Path:  C:\Keil_v5\ARM\ARMCC\Bin
C Compiler:      Armcc.exe V5.06 update 6 (build 750)
Assembler:       Armasm.exe V5.06 update 6 (build 750)
Linker/Locator:  ArmLink.exe V5.06 update 6 (build 750)
Library Manager: ArmAr.exe V5.06 update 6 (build 750)
Hex Converter:   FromElf.exe V5.06 update 6 (build 750)
CPU DLL:         SARM.DLL V5.26.2.0
Dialog DLL:      DARMP.DLL V1.53.0.0
Target DLL:      UL2ARM.DLL V1.74.10.0
Dialog DLL:      TARMP.DLL V1.53.0.0
 
<h2>Project:</h2>
C:\Users\Pc\Desktop\Jorge\Proyectos\ProyectoHardware-21_22\sudoku_2021.uvproj
Project File Date:  10/25/2021

<h2>Output:</h2>
*** Using Compiler 'V5.06 update 6 (build 750)', folder: 'C:\Keil_v5\ARM\ARMCC\Bin'
Rebuild target 'LPC2105'
assembling Startup.s...
assembling candidatos_actualizar_arm_c.s...
compiling sudoku_2021.c...
assembling candidatos_actualizar_arm.s...
assembling candidatos_propagar_arm.s...
compiling cola.c...
cola.c(144): warning:  #940-D: missing return statement at end of non-void function "sacarElemento" 
  }
cola.c: 1 warning, 0 errors
linking...
Program Size: Code=1804 RO-data=16 RW-data=0 ZI-data=1256  
".\Objects\sudoku_2021.axf" - 0 Error(s), 1 Warning(s).
Build Time Elapsed:  00:00:02
</pre>
</body>
</html>
